@@@[2026/06/15 16:25:17.000][비교][JUCHE_DIFF_1]|현물 주/체 #1: 수신 [ $2289$ ] B[ 0] 처리 [ $2289$ ]|@@@
@@@[2026/06/15 16:25:17.000][비교][JUCHE_DIFF_2]|현물 주/체 #2: 수신 [ $2919$ ] B[ 0] 처리 [ $2919$ ]|@@@
@@@[2026/06/15 16:25:17.000][비교][JUCHE_DIFF_3]|현물 주/체 #3: 수신 [ $2496$ ] B[ 0] 처리 [ $2496$ ]|@@@
@@@[2026/06/15 16:25:17.000][비교][JUCHE_DIFF_4]|현물 주/체 #4: 수신 [ $2442$ ] B[ 0] 처리 [ $2442$ ]|@@@
@@@[2026/06/15 16:25:17.000][비교][JUCHE_DIFF_5]|현물 주/체 #5: 수신 [ $2579$ ] B[ 0] 처리 [ $2579$ ]|@@@
@@@[2026/06/15 16:25:17.000][비교][JUCHE_DIFF_6]|현물 주/체 #6: 수신 [ $2530$ ] B[ 0] 처리 [ $2530$ ]|@@@
@@@[2026/06/15 16:25:17.000][비교][JUCHE_DIFF_7]|현물 주/체 #7: 수신 [ $2206$ ] B[ 0] 처리 [ $2206$ ]|@@@
@@@[2026/06/15 16:25:17.000][비교][JUCHE_DIFF_8]|현물 주/체 #8: 수신 [ $2484$ ] B[ 0] 처리 [ $2484$ ]|@@@
@@@[2026/06/15 16:25:17.000][비교][JUCHE_DIFF_9]|현물 주/체 #9: 수신 [ $2986$ ] B[ 0] 처리 [ $2986$ ]|@@@
@@@[2026/06/15 16:25:17.000][비교][JUCHE_DIFF_10]|현물 주/체 #0: 수신 [ $2145$ ] B[ 0] 처리 [ $2145$ ]|@@@
@@@[2026/06/15 16:25:17.000][비교][JUCHE_DIFF_11]|파생 주/체 #1: 수신 [ $175$ ] B[ 0] 처리 [ $175$ ]|@@@
@@@[2026/06/15 16:25:17.000][비교][JUCHE_DIFF_12]|계좌정보 #1: 수신 [ $307$ ] B[ 0] 처리 [ $307$ ]|@@@
@@@[2026/06/15 16:25:17.000][비교][JUCHE_DIFF_13]|실시간정산 #1: 수신 [ $3126$ ] B[ 0] 처리 [ $3126$ ]|@@@
@@@[2026/06/15 16:25:17.000][비교][JUCHE_DIFF_14]|실시간정산 #2: 수신 [ $3989$ ] B[ 0] 처리 [ $3989$ ]|@@@
@@@[2026/06/15 16:25:17.000][비교][JUCHE_DIFF_15]|실시간정산 #3: 수신 [ $3452$ ] B[ 0] 처리 [ $3452$ ]|@@@
@@@[2026/06/15 16:25:17.000][비교][JUCHE_DIFF_16]|실시간정산 #4: 수신 [ $3473$ ] B[ 0] 처리 [ $3473$ ]|@@@
@@@[2026/06/15 16:25:17.000][비교][JUCHE_DIFF_17]|실시간정산 #5: 수신 [ $3715$ ] B[ 0] 처리 [ $3715$ ]|@@@
@@@[2026/06/15 16:25:17.000][비교][JUCHE_DIFF_18]|실시간정산 #6: 수신 [ $3515$ ] B[ 0] 처리 [ $3515$ ]|@@@
@@@[2026/06/15 16:25:17.000][비교][JUCHE_DIFF_19]|실시간정산 #7: 수신 [ $3196$ ] B[ 0] 처리 [ $3196$ ]|@@@
@@@[2026/06/15 16:25:17.000][비교][JUCHE_DIFF_20]|실시간정산 #8: 수신 [ $3585$ ] B[ 0] 처리 [ $3585$ ]|@@@
@@@[2026/06/15 16:25:17.000][비교][JUCHE_DIFF_21]|실시간정산 #9: 수신 [ $4065$ ] B[ 0] 처리 [ $4065$ ]|@@@
@@@[2026/06/15 16:25:17.000][비교][JUCHE_DIFF_22]|실시간정산 #0: 수신 [ $3029$ ] B[ 0] 처리 [ $3029$ ]|@@@
@@@[2026/06/15 16:25:17.000][비교][JUCHE_DIFF_23]|R 현물 주/체#1: 수신 [ $0$ ] B[ 0] 처리 [ $0$ ]|@@@
@@@[2026/06/15 16:25:17.000][비교][JUCHE_DIFF_24]|R 파생 주/체#1: 수신 [ $0$ ] B[ 0] 처리 [ $0$ ]|@@@
@@@[2026/06/15 16:25:17.000][비교][JUCHE_DIFF_25]|R 계좌정보 #1: 수신 [ $0$ ] B[ 0] 처리 [ $0$ ]|@@@
@@@[2026/06/15 16:25:17.000][비교][JUCHE_DIFF_26]|R 실시간정산#1: 수신 [ $0$ ] B[ 0] 처리 [ $0$ ]|@@@
@@@[2026/06/15 16:25:17.000][수치][JCM_LOAD_1]|실시간정산 #1: 수신 [ $3126$ ] B[ 0] 처리[ 3126]|@@@
@@@[2026/06/15 16:25:17.000][수치][JCM_LOAD_2]|실시간정산 #2: 수신 [ $3989$ ] B[ 0] 처리[ 3989]|@@@
@@@[2026/06/15 16:25:17.000][수치][JCM_LOAD_3]|실시간정산 #3: 수신 [ $3452$ ] B[ 0] 처리[ 3452]|@@@
@@@[2026/06/15 16:25:17.000][수치][JCM_LOAD_4]|실시간정산 #4: 수신 [ $3473$ ] B[ 0] 처리[ 3473]|@@@
@@@[2026/06/15 16:25:17.000][수치][JCM_LOAD_5]|실시간정산 #5: 수신 [ $3715$ ] B[ 0] 처리[ 3715]|@@@
@@@[2026/06/15 16:25:17.000][수치][JCM_LOAD_6]|실시간정산 #6: 수신 [ $3515$ ] B[ 0] 처리[ 3515]|@@@
@@@[2026/06/15 16:25:17.000][수치][JCM_LOAD_7]|실시간정산 #7: 수신 [ $3196$ ] B[ 0] 처리[ 3196]|@@@
@@@[2026/06/15 16:25:17.000][수치][JCM_LOAD_8]|실시간정산 #8: 수신 [ $3585$ ] B[ 0] 처리[ 3585]|@@@
@@@[2026/06/15 16:25:17.000][수치][JCM_LOAD_9]|실시간정산 #9: 수신 [ $4065$ ] B[ 0] 처리[ 4065]|@@@
@@@[2026/06/15 16:25:17.000][수치][JCM_LOAD_10]|실시간정산 #0: 수신 [ $3029$ ] B[ 0] 처리[ 3029]|@@@
@@@[2026/06/15 16:25:17.000][수치][JCM_LOAD_11]|R 실시간정산#1: 수신 [ $0$ ] B[ 0] 처리[ 0]|@@@
@@@[2026/06/15 16:25:17.000][수치][JCM_DISK]|/dev/mapper/datavg-home 524236800 230558796 293678004 $44$% /home|@@@
@@@[2026/06/15 16:25:17.000][수치][JCM_PROC_AZ]|AZ_ 프로세스 구동 개수: $3$ 건|@@@
@@@[2026/06/15 16:25:17.000][수치][JCM_PROC_AO_MP]|AO_MP 프로세스 구동 개수: $1$ 건|@@@
@@@[2026/06/15 16:25:17.000][수치][JCM_PROC_AO_JN]|AO_JN 프로세스 구동 개수: $4$ 건|@@@
@@@[2026/06/15 16:25:17.000][수치][JCM_PROC_AO_TR]|AO_TR 프로세스 구동 개수: $4$ 건|@@@
@@@[2026/06/15 16:25:18.000][시간][JCM_MOM_RV_TIME]|PID[2169199] STIME[$07:24$] CMD:/home/axistuja/bin/mom_rvdata|@@@
@@@[2026/06/15 16:25:18.000][시간][JCM_MOM_RV_TIME]|PID[2169201] STIME[$07:24$] CMD:/home/axistuja/bin/mom_rvdata|@@@
@@@[2026/06/15 16:25:18.000][시간][JCM_MOM_RV_TIME]|PID[2169203] STIME[$07:24$] CMD:/home/axistuja/bin/mom_rvdata|@@@
@@@[2026/06/15 16:25:18.000][시간][JCM_MOM_RV_TIME]|PID[2169205] STIME[$07:24$] CMD:/home/axistuja/bin/mom_rvdata|@@@
@@@[2026/06/15 16:25:18.000][시간][JCM_DBR_TIME]|PID[2169129] STIME[$07:23$] CMD:/home/axistuja/bin/dbr_Rvmmdb|@@@
@@@[2026/06/15 16:25:18.000][시간][JCM_DBR_TIME]|PID[2169137] STIME[$07:23$] CMD:/home/axistuja/bin/dbr_Rvmmdb|@@@
@@@[2026/06/15 16:25:18.000][시간][JCM_DBR_TIME]|PID[2169141] STIME[$07:23$] CMD:/home/axistuja/bin/dbr_Rvmmdb|@@@
@@@[2026/06/15 16:25:18.000][시간][JCM_DBR_TIME]|PID[2169145] STIME[$07:23$] CMD:/home/axistuja/bin/dbr_Rvmmdb|@@@
@@@[2026/06/15 16:25:18.000][시간][JCM_DBR_TIME]|PID[2169149] STIME[$07:23$] CMD:/home/axistuja/bin/dbr_Rvmmdb|@@@
@@@[2026/06/15 16:25:18.000][시간][JCM_DBR_TIME]|PID[2169153] STIME[$07:23$] CMD:/home/axistuja/bin/dbr_Rvmmdb|@@@
@@@[2026/06/15 16:25:18.000][시간][JCM_DBR_TIME]|PID[2169157] STIME[$07:23$] CMD:/home/axistuja/bin/dbr_Rvmmdb|@@@
@@@[2026/06/15 16:25:18.000][시간][JCM_DBR_TIME]|PID[2169159] STIME[$07:23$] CMD:/home/axistuja/bin/dbr_Rvmmdb|@@@
@@@[2026/06/15 16:25:18.000][시간][JCM_DBR_TIME]|PID[2169161] STIME[$07:23$] CMD:/home/axistuja/bin/dbr_Rvmmdb|@@@
@@@[2026/06/15 16:25:18.000][시간][JCM_DBR_TIME]|PID[2169163] STIME[$07:23$] CMD:/home/axistuja/bin/dbr_Rvmmdb|@@@
@@@[2026/06/15 16:25:18.000][시간][JCM_DBR_TIME]|PID[2169165] STIME[$07:23$] CMD:/home/axistuja/bin/dbr_Rvmmdb|@@@
@@@[2026/06/15 16:25:18.000][시간][JCM_DBR_TIME]|PID[2169167] STIME[$07:23$] CMD:/home/axistuja/bin/dbr_Rvmmdb|@@@
@@@[2026/06/15 16:25:18.000][시간][JCM_DBR_TIME]|PID[2169169] STIME[$07:23$] CMD:/home/axistuja/bin/dbr_Rvmmdb|@@@
@@@[2026/06/15 16:25:18.000][시간][JCM_DBR_TIME]|PID[2169171] STIME[$07:23$] CMD:/home/axistuja/bin/dbr_Rvmmdb|@@@
@@@[2026/06/15 16:25:18.000][시간][JCM_DBR_TIME]|PID[2169173] STIME[$07:23$] CMD:/home/axistuja/bin/dbr_Rvmmdb|@@@
@@@[2026/06/15 16:25:18.000][시간][JCM_DBR_TIME]|PID[2169175] STIME[$07:24$] CMD:/home/axistuja/bin/dbr_Rvmmdb|@@@
@@@[2026/06/15 16:25:18.000][시간][JCM_DBR_TIME]|PID[2169185] STIME[$07:24$] CMD:/home/axistuja/bin/dbr_Rvmmdb|@@@
@@@[2026/06/15 16:25:18.000][시간][JCM_DBR_TIME]|PID[2169187] STIME[$07:24$] CMD:/home/axistuja/bin/dbr_Rvmmdb|@@@
@@@[2026/06/15 16:25:18.000][시간][JCM_DBR_TIME]|PID[2169189] STIME[$07:24$] CMD:/home/axistuja/bin/dbr_Rvmmdb|@@@
@@@[2026/06/15 16:25:18.000][시간][JCM_DBR_TIME]|PID[2169191] STIME[$07:24$] CMD:/home/axistuja/bin/dbr_Rvmmdb|@@@
@@@[2026/06/15 16:25:18.000][시간][JCM_DBR_TIME]|PID[2169193] STIME[$07:24$] CMD:/home/axistuja/bin/dbr_Rvmmdb|@@@
@@@[2026/06/15 16:25:18.000][시간][JCM_DBR_TIME]|PID[2169195] STIME[$07:24$] CMD:/home/axistuja/bin/dbr_Rvmmdb|@@@
@@@[2026/06/15 16:25:18.000][수치][JCM_BATCHK_ERROR_1]|[07:05:54:326] [SACCTADJT] [SACCTADJT]..DATA [613219]건중 [2678]건 상이함.. 처리중 [$0$]건 오류 발생 !!|@@@
@@@[2026/06/15 16:25:18.000][수치][JCM_BATCHK_ERROR_2]|[07:05:55:421] [FACCTADJT] [FACCTADJT]..DATA [9486]건중 [32]건 상이함.. 처리중 [$7165$]건 오류 발생 !!|@@@
@@@[2026/06/15 16:25:18.000][수치][JCM_BATCHK_ERROR_3]|[07:19:53:619] [SACCTMAST] [SACCTMAST]..DATA [613221]건중 [3435]건 상이함.. 처리중 [$3$]건 오류 발생 !!|@@@
@@@[2026/06/15 16:25:18.000][수치][JCM_BATCHK_ERROR_4]|[07:19:53:619] [SACCTMAST] [SACCTMAST]..DATA [613221]건중 Wrap[0]건 처리.. 처리중 [$0$]건 오류 발생 !!|@@@
@@@[2026/06/15 16:25:18.000][수치][JCM_BATCHK_ERROR_5]|[07:20:58:484] [FACCTMAST] [FACCTMAST]..DATA [9734]건중 [5436]건 상이함.. 처리중 [$234$]건 오류 발생 !!|@@@
@@@[2026/06/15 16:25:18.000][수치][JCM_BATCHK_ERROR_6]|[07:22:54:054] [SACCTADJT] [SACCTADJT]..DATA [613219]건중 [2691]건 상이함.. 처리중 [$0$]건 오류 발생 !!|@@@
@@@[2026/06/15 16:25:18.000][수치][JCM_BATCHK_ERROR_7]|[07:22:54:576] [FACCTADJT] [FACCTADJT]..DATA [9486]건중 [16]건 상이함.. 처리중 [$7165$]건 오류 발생 !!|@@@
@@@[2026/06/15 16:25:18.000][수치][JCM_BATCHK_ERROR_8]|[07:22:54:820] [FJANGMAST] [FJANGMAST]..DATA [91]건중 [0]건 상이함.. 처리중 [$0$]건 오류 발생 !!|@@@
@@@[2026/06/15 16:25:18.000][수치][JCM_BATCHK_ERROR_9]|[07:23:15:289] [SJANGMAST] [SJANGMAST]..DATA [689994]건중 [536]건 상이함.. 처리중 [$0$]건 오류 발생 !!|@@@
@@@[2026/06/15 16:25:18.000][수치][JCM_BATCHK_ERROR_10]|[07:23:15:320] [FJANGMAST] [FJANGMAST]..DATA [91]건중 [0]건 상이함.. 처리중 [$0$]건 오류 발생 !!|@@@
@@@[2026/06/15 16:25:18.000][시간][JCM_IICLEAR]|FILE:/home/mini/IICLEAR_END.0615 TIME:$00:10$|@@@
@@@[2026/06/15 16:25:18.000][수치][JCM_BAT_SIGNAL]|BATCH_CHK Signal Proc shutdown! $0$ 건|@@@
@@@[2026/06/15 16:25:18.000][수치][JCM_BAT_NORMAL]|BATCH_CHK Normal shutdown! $2$ 건|@@@
@@@[2026/06/15 16:25:18.000][수치][JCM_BACHK_COUNT]|배치 처리 완료 파일 건수 $10$ 건|@@@
@@@[2026/06/15 16:25:18.000][수치][JCM_JNL_COUNT]|*_SAM.TODAY 파일 건수 $22$ 건|@@@
@@@[2026/06/15 16:25:18.000][수치][JCM_JNL_ACT]|ACT_*_SAM.TODAY 파일 건수 $1$ 건|@@@
@@@[2026/06/15 16:25:18.000][수치][JCM_JNL_FOT]|FOT_*_SAM.TODAY 파일 건수 $1$ 건|@@@
@@@[2026/06/15 16:25:18.000][수치][JCM_JNL_STK]|STK_*_SAM.TODAY 파일 건수 $10$ 건|@@@
@@@[2026/06/15 16:25:18.000][수치][JCM_JNL_REL]|REL_*_SAM.TODAY 파일 건수 $10$ 건|@@@
